Archive member included because of file (symbol)

C:/Freescale/CW MCU v10.6/MCU/ARM_GCC_Support/ewl/lib/armv6-m\libc.a(exit.o)
                              ./Project_Settings/Startup_Code/__arm_start.o (exit)
C:/Freescale/CW MCU v10.6/MCU/ARM_GCC_Support/ewl/lib/armv6-m\libc.a(memset.o)
                              ./Project_Settings/Startup_Code/__arm_start.o (memset)
C:/Freescale/CW MCU v10.6/MCU/ARM_GCC_Support/ewl/lib/armv6-m\libc.a(__filll_mem.o)
                              C:/Freescale/CW MCU v10.6/MCU/ARM_GCC_Support/ewl/lib/armv6-m\libc.a(memset.o) (__fill_mem)
c:/freescale/cw mcu v10.6/cross_tools/arm-none-eabi-gcc-4_7_3/bin/../lib/gcc/arm-none-eabi/4.7.3/armv6-m\libgcc.a(_udivsi3.o)
                              ./Sources/Drivers/uart/uart.o (__aeabi_uidiv)
c:/freescale/cw mcu v10.6/cross_tools/arm-none-eabi-gcc-4_7_3/bin/../lib/gcc/arm-none-eabi/4.7.3/armv6-m\libgcc.a(_divsi3.o)
                              ./Sources/Common/libs.o (__aeabi_idiv)
c:/freescale/cw mcu v10.6/cross_tools/arm-none-eabi-gcc-4_7_3/bin/../lib/gcc/arm-none-eabi/4.7.3/armv6-m\libgcc.a(_dvmd_tls.o)
                              c:/freescale/cw mcu v10.6/cross_tools/arm-none-eabi-gcc-4_7_3/bin/../lib/gcc/arm-none-eabi/4.7.3/armv6-m\libgcc.a(_udivsi3.o) (__aeabi_idiv0)
c:/freescale/cw mcu v10.6/cross_tools/arm-none-eabi-gcc-4_7_3/bin/../lib/gcc/arm-none-eabi/4.7.3/armv6-m\libgcc.a(mulsf3.o)
                              ./Sources/HC-SR04/hc-sr04.o (__aeabi_fmul)
c:/freescale/cw mcu v10.6/cross_tools/arm-none-eabi-gcc-4_7_3/bin/../lib/gcc/arm-none-eabi/4.7.3/armv6-m\libgcc.a(fixsfsi.o)
                              ./Sources/HC-SR04/hc-sr04.o (__aeabi_f2iz)
c:/freescale/cw mcu v10.6/cross_tools/arm-none-eabi-gcc-4_7_3/bin/../lib/gcc/arm-none-eabi/4.7.3/armv6-m\libgcc.a(floatsisf.o)
                              ./Sources/HC-SR04/hc-sr04.o (__aeabi_i2f)
c:/freescale/cw mcu v10.6/cross_tools/arm-none-eabi-gcc-4_7_3/bin/../lib/gcc/arm-none-eabi/4.7.3/armv6-m\libgcc.a(_clzsi2.o)
                              c:/freescale/cw mcu v10.6/cross_tools/arm-none-eabi-gcc-4_7_3/bin/../lib/gcc/arm-none-eabi/4.7.3/armv6-m\libgcc.a(mulsf3.o) (__clzsi2)
C:/Freescale/CW MCU v10.6/MCU/ARM_GCC_Support/ewl/lib/armv6-m\librt.a(gcc_ctor_dtor.o)
                              ./Project_Settings/Startup_Code/__arm_start.o (__init_cpp)
C:/Freescale/CW MCU v10.6/MCU/ARM_GCC_Support/ewl/lib/armv6-m\librt.a(ROMCopy.o)
                              ./Project_Settings/Startup_Code/__arm_start.o (__copy_rom_sections_to_ram)
C:/Freescale/CW MCU v10.6/MCU/ARM_GCC_Support/ewl/lib/armv6-m\librt.a(__arm_eabi_init.o)
                              C:/Freescale/CW MCU v10.6/MCU/ARM_GCC_Support/ewl/lib/armv6-m\libc.a(exit.o) (__destroy_global_chain)

Allocating common symbols
Common symbol       size              file

mcg_clk_hz          0x4               ./Sources/cpu/sysinit.o
core_clk_khz        0x4               ./Sources/cpu/sysinit.o
periph_clk_khz      0x4               ./Sources/cpu/sysinit.o
uart0_clk_khz       0x4               ./Sources/cpu/sysinit.o
uart0_clk_hz        0x4               ./Sources/cpu/sysinit.o
mcg_clk_khz         0x4               ./Sources/cpu/sysinit.o
drs_val             0x1               ./Sources/Drivers/mcg/mcg.o
dmx32_val           0x1               ./Sources/Drivers/mcg/mcg.o
pll_clk_khz         0x4               ./Sources/cpu/sysinit.o

Discarded input sections

 .text          0x00000000        0x0 ./Project_Settings/Startup_Code/kinetis_sysinit.o
 .data          0x00000000        0x0 ./Project_Settings/Startup_Code/kinetis_sysinit.o
 .bss           0x00000000        0x0 ./Project_Settings/Startup_Code/kinetis_sysinit.o
 .text          0x00000000        0x0 ./Project_Settings/Startup_Code/__arm_start.o
 .data          0x00000000        0x0 ./Project_Settings/Startup_Code/__arm_start.o
 .bss           0x00000000        0x0 ./Project_Settings/Startup_Code/__arm_start.o
 .text.__iar_program_start
                0x00000000        0x4 ./Project_Settings/Startup_Code/__arm_start.o
 .text          0x00000000        0x0 ./Project_Settings/Startup_Code/__arm_end.o
 .data          0x00000000        0x0 ./Project_Settings/Startup_Code/__arm_end.o
 .bss           0x00000000        0x0 ./Project_Settings/Startup_Code/__arm_end.o
 .text          0x00000000        0x0 ./Sources/Common/libs.o
 .data          0x00000000        0x0 ./Sources/Common/libs.o
 .bss           0x00000000        0x0 ./Sources/Common/libs.o
 .text          0x00000000        0x0 ./Sources/Common/io.o
 .data          0x00000000        0x0 ./Sources/Common/io.o
 .bss           0x00000000        0x0 ./Sources/Common/io.o
 .text.in_char  0x00000000       0x18 ./Sources/Common/io.o
 .text          0x00000000        0x0 ./Sources/Drivers/gpio/gpio.o
 .data          0x00000000        0x0 ./Sources/Drivers/gpio/gpio.o
 .bss           0x00000000        0x0 ./Sources/Drivers/gpio/gpio.o
 .text          0x00000000        0x0 ./Sources/Drivers/lptmr/lptmr.o
 .data          0x00000000        0x0 ./Sources/Drivers/lptmr/lptmr.o
 .bss           0x00000000        0x0 ./Sources/Drivers/lptmr/lptmr.o
 .bss.tick      0x00000000        0x1 ./Sources/Drivers/lptmr/lptmr.o
 .text.lptmr_isr
                0x00000000       0x28 ./Sources/Drivers/lptmr/lptmr.o
 .text.lptmr_init
                0x00000000       0x58 ./Sources/Drivers/lptmr/lptmr.o
 .text          0x00000000        0x0 ./Sources/Drivers/mcg/mcg.o
 .data          0x00000000        0x0 ./Sources/Drivers/mcg/mcg.o
 .bss           0x00000000        0x0 ./Sources/Drivers/mcg/mcg.o
 COMMON         0x00000000        0x2 ./Sources/Drivers/mcg/mcg.o
 .text          0x00000000        0x0 ./Sources/Drivers/tpm/tpm.o
 .data          0x00000000        0x0 ./Sources/Drivers/tpm/tpm.o
 .bss           0x00000000        0x0 ./Sources/Drivers/tpm/tpm.o
 .text.TPM_CH_init_PWM
                0x00000000       0x30 ./Sources/Drivers/tpm/tpm.o
 .text          0x00000000        0x0 ./Sources/Drivers/uart/uart.o
 .data          0x00000000        0x0 ./Sources/Drivers/uart/uart.o
 .bss           0x00000000        0x0 ./Sources/Drivers/uart/uart.o
 .text.uart_init
                0x00000000       0xc0 ./Sources/Drivers/uart/uart.o
 .text.uart_getchar
                0x00000000       0x28 ./Sources/Drivers/uart/uart.o
 .text.uart_putchar
                0x00000000       0x2c ./Sources/Drivers/uart/uart.o
 .text.uart_getchar_present
                0x00000000       0x1c ./Sources/Drivers/uart/uart.o
 .text.uart0_getchar
                0x00000000       0x28 ./Sources/Drivers/uart/uart.o
 .text.uart0_getchar_present
                0x00000000       0x1c ./Sources/Drivers/uart/uart.o
 .text          0x00000000        0x0 ./Sources/HC-SR04/hc-sr04.o
 .data          0x00000000        0x0 ./Sources/HC-SR04/hc-sr04.o
 .bss           0x00000000        0x0 ./Sources/HC-SR04/hc-sr04.o
 .text          0x00000000        0x0 ./Sources/cpu/sysinit.o
 .data          0x00000000        0x0 ./Sources/cpu/sysinit.o
 .bss           0x00000000        0x0 ./Sources/cpu/sysinit.o
 .text          0x00000000        0x0 ./Sources/cpu/nvic.o
 .data          0x00000000        0x0 ./Sources/cpu/nvic.o
 .bss           0x00000000        0x0 ./Sources/cpu/nvic.o
 .text.disable_irq
                0x00000000       0x44 ./Sources/cpu/nvic.o
 .text          0x00000000        0x0 ./Sources/sa_mtb.o
 .data          0x00000000        0x0 ./Sources/sa_mtb.o
 .bss           0x00000000        0x0 ./Sources/sa_mtb.o
 .debug_info    0x00000000       0x21 ./Sources/sa_mtb.o
 .debug_abbrev  0x00000000       0x12 ./Sources/sa_mtb.o
 .debug_aranges
                0x00000000       0x18 ./Sources/sa_mtb.o
 .debug_macinfo
                0x00000000     0x24d8 ./Sources/sa_mtb.o
 .debug_line    0x00000000       0xaa ./Sources/sa_mtb.o
 .debug_str     0x00000000       0xa2 ./Sources/sa_mtb.o
 .comment       0x00000000       0x7a ./Sources/sa_mtb.o
 .ARM.attributes
                0x00000000       0x31 ./Sources/sa_mtb.o
 .text          0x00000000        0x0 ./Sources/main.o
 .data          0x00000000        0x0 ./Sources/main.o
 .bss           0x00000000        0x0 ./Sources/main.o
 .data.test     0x00000000        0x4 ./Sources/main.o
 .text          0x00000000        0x0 C:/Freescale/CW MCU v10.6/MCU/ARM_GCC_Support/ewl/lib/armv6-m\libc.a(exit.o)
 .data          0x00000000        0x0 C:/Freescale/CW MCU v10.6/MCU/ARM_GCC_Support/ewl/lib/armv6-m\libc.a(exit.o)
 .bss           0x00000000        0x0 C:/Freescale/CW MCU v10.6/MCU/ARM_GCC_Support/ewl/lib/armv6-m\libc.a(exit.o)
 .text          0x00000000        0x0 C:/Freescale/CW MCU v10.6/MCU/ARM_GCC_Support/ewl/lib/armv6-m\libc.a(memset.o)
 .data          0x00000000        0x0 C:/Freescale/CW MCU v10.6/MCU/ARM_GCC_Support/ewl/lib/armv6-m\libc.a(memset.o)
 .bss           0x00000000        0x0 C:/Freescale/CW MCU v10.6/MCU/ARM_GCC_Support/ewl/lib/armv6-m\libc.a(memset.o)
 .text          0x00000000        0x0 C:/Freescale/CW MCU v10.6/MCU/ARM_GCC_Support/ewl/lib/armv6-m\libc.a(__filll_mem.o)
 .data          0x00000000        0x0 C:/Freescale/CW MCU v10.6/MCU/ARM_GCC_Support/ewl/lib/armv6-m\libc.a(__filll_mem.o)
 .bss           0x00000000        0x0 C:/Freescale/CW MCU v10.6/MCU/ARM_GCC_Support/ewl/lib/armv6-m\libc.a(__filll_mem.o)
 .data          0x00000000        0x0 c:/freescale/cw mcu v10.6/cross_tools/arm-none-eabi-gcc-4_7_3/bin/../lib/gcc/arm-none-eabi/4.7.3/armv6-m\libgcc.a(_udivsi3.o)
 .bss           0x00000000        0x0 c:/freescale/cw mcu v10.6/cross_tools/arm-none-eabi-gcc-4_7_3/bin/../lib/gcc/arm-none-eabi/4.7.3/armv6-m\libgcc.a(_udivsi3.o)
 .data          0x00000000        0x0 c:/freescale/cw mcu v10.6/cross_tools/arm-none-eabi-gcc-4_7_3/bin/../lib/gcc/arm-none-eabi/4.7.3/armv6-m\libgcc.a(_divsi3.o)
 .bss           0x00000000        0x0 c:/freescale/cw mcu v10.6/cross_tools/arm-none-eabi-gcc-4_7_3/bin/../lib/gcc/arm-none-eabi/4.7.3/armv6-m\libgcc.a(_divsi3.o)
 .data          0x00000000        0x0 c:/freescale/cw mcu v10.6/cross_tools/arm-none-eabi-gcc-4_7_3/bin/../lib/gcc/arm-none-eabi/4.7.3/armv6-m\libgcc.a(_dvmd_tls.o)
 .bss           0x00000000        0x0 c:/freescale/cw mcu v10.6/cross_tools/arm-none-eabi-gcc-4_7_3/bin/../lib/gcc/arm-none-eabi/4.7.3/armv6-m\libgcc.a(_dvmd_tls.o)
 .data          0x00000000        0x0 c:/freescale/cw mcu v10.6/cross_tools/arm-none-eabi-gcc-4_7_3/bin/../lib/gcc/arm-none-eabi/4.7.3/armv6-m\libgcc.a(mulsf3.o)
 .bss           0x00000000        0x0 c:/freescale/cw mcu v10.6/cross_tools/arm-none-eabi-gcc-4_7_3/bin/../lib/gcc/arm-none-eabi/4.7.3/armv6-m\libgcc.a(mulsf3.o)
 .data          0x00000000        0x0 c:/freescale/cw mcu v10.6/cross_tools/arm-none-eabi-gcc-4_7_3/bin/../lib/gcc/arm-none-eabi/4.7.3/armv6-m\libgcc.a(fixsfsi.o)
 .bss           0x00000000        0x0 c:/freescale/cw mcu v10.6/cross_tools/arm-none-eabi-gcc-4_7_3/bin/../lib/gcc/arm-none-eabi/4.7.3/armv6-m\libgcc.a(fixsfsi.o)
 .data          0x00000000        0x0 c:/freescale/cw mcu v10.6/cross_tools/arm-none-eabi-gcc-4_7_3/bin/../lib/gcc/arm-none-eabi/4.7.3/armv6-m\libgcc.a(floatsisf.o)
 .bss           0x00000000        0x0 c:/freescale/cw mcu v10.6/cross_tools/arm-none-eabi-gcc-4_7_3/bin/../lib/gcc/arm-none-eabi/4.7.3/armv6-m\libgcc.a(floatsisf.o)
 .data          0x00000000        0x0 c:/freescale/cw mcu v10.6/cross_tools/arm-none-eabi-gcc-4_7_3/bin/../lib/gcc/arm-none-eabi/4.7.3/armv6-m\libgcc.a(_clzsi2.o)
 .bss           0x00000000        0x0 c:/freescale/cw mcu v10.6/cross_tools/arm-none-eabi-gcc-4_7_3/bin/../lib/gcc/arm-none-eabi/4.7.3/armv6-m\libgcc.a(_clzsi2.o)
 .text          0x00000000        0x0 C:/Freescale/CW MCU v10.6/MCU/ARM_GCC_Support/ewl/lib/armv6-m\librt.a(gcc_ctor_dtor.o)
 .data          0x00000000        0x0 C:/Freescale/CW MCU v10.6/MCU/ARM_GCC_Support/ewl/lib/armv6-m\librt.a(gcc_ctor_dtor.o)
 .bss           0x00000000        0x0 C:/Freescale/CW MCU v10.6/MCU/ARM_GCC_Support/ewl/lib/armv6-m\librt.a(gcc_ctor_dtor.o)
 .bss.__dso_handle
                0x00000000        0x4 C:/Freescale/CW MCU v10.6/MCU/ARM_GCC_Support/ewl/lib/armv6-m\librt.a(gcc_ctor_dtor.o)
 .text          0x00000000        0x0 C:/Freescale/CW MCU v10.6/MCU/ARM_GCC_Support/ewl/lib/armv6-m\librt.a(ROMCopy.o)
 .data          0x00000000        0x0 C:/Freescale/CW MCU v10.6/MCU/ARM_GCC_Support/ewl/lib/armv6-m\librt.a(ROMCopy.o)
 .bss           0x00000000        0x0 C:/Freescale/CW MCU v10.6/MCU/ARM_GCC_Support/ewl/lib/armv6-m\librt.a(ROMCopy.o)
 .text.__flush_cache
                0x00000000        0x2 C:/Freescale/CW MCU v10.6/MCU/ARM_GCC_Support/ewl/lib/armv6-m\librt.a(ROMCopy.o)
 .text          0x00000000        0x0 C:/Freescale/CW MCU v10.6/MCU/ARM_GCC_Support/ewl/lib/armv6-m\librt.a(__arm_eabi_init.o)
 .data          0x00000000        0x0 C:/Freescale/CW MCU v10.6/MCU/ARM_GCC_Support/ewl/lib/armv6-m\librt.a(__arm_eabi_init.o)
 .bss           0x00000000        0x0 C:/Freescale/CW MCU v10.6/MCU/ARM_GCC_Support/ewl/lib/armv6-m\librt.a(__arm_eabi_init.o)
 .text.__register_global_object
                0x00000000       0x14 C:/Freescale/CW MCU v10.6/MCU/ARM_GCC_Support/ewl/lib/armv6-m\librt.a(__arm_eabi_init.o)
 .text.__cxa_atexit
                0x00000000       0x38 C:/Freescale/CW MCU v10.6/MCU/ARM_GCC_Support/ewl/lib/armv6-m\librt.a(__arm_eabi_init.o)
 .text.__aeabi_atexit
                0x00000000        0xe C:/Freescale/CW MCU v10.6/MCU/ARM_GCC_Support/ewl/lib/armv6-m\librt.a(__arm_eabi_init.o)
 .text.__register_atexit
                0x00000000        0xc C:/Freescale/CW MCU v10.6/MCU/ARM_GCC_Support/ewl/lib/armv6-m\librt.a(__arm_eabi_init.o)
 .text.__init_hardware
                0x00000000        0x4 C:/Freescale/CW MCU v10.6/MCU/ARM_GCC_Support/ewl/lib/armv6-m\librt.a(__arm_eabi_init.o)
 .bss.atexit_curr_func
                0x00000000        0x4 C:/Freescale/CW MCU v10.6/MCU/ARM_GCC_Support/ewl/lib/armv6-m\librt.a(__arm_eabi_init.o)
 .bss.atexit_funcs
                0x00000000      0x300 C:/Freescale/CW MCU v10.6/MCU/ARM_GCC_Support/ewl/lib/armv6-m\librt.a(__arm_eabi_init.o)

Memory Configuration

Name             Origin             Length             Attributes
m_interrupts     0x00000000         0x000000c0         xr
m_cfmprotrom     0x00000400         0x00000010         xr
m_text           0x00000800         0x0001f800         xr
m_data           0x1ffff000         0x00004000         xrw
*default*        0x00000000         0xffffffff

Linker script and memory map

LOAD ./Project_Settings/Startup_Code/kinetis_sysinit.o
LOAD ./Project_Settings/Startup_Code/__arm_start.o
LOAD ./Project_Settings/Startup_Code/__arm_end.o
LOAD ./Sources/Common/libs.o
LOAD ./Sources/Common/io.o
LOAD ./Sources/Drivers/gpio/gpio.o
LOAD ./Sources/Drivers/lptmr/lptmr.o
LOAD ./Sources/Drivers/mcg/mcg.o
LOAD ./Sources/Drivers/tpm/tpm.o
LOAD ./Sources/Drivers/uart/uart.o
LOAD ./Sources/HC-SR04/hc-sr04.o
LOAD ./Sources/cpu/sysinit.o
LOAD ./Sources/cpu/nvic.o
LOAD ./Sources/sa_mtb.o
LOAD ./Sources/main.o
START GROUP
LOAD C:/Freescale/CW MCU v10.6/MCU/ARM_GCC_Support/ewl/lib/armv6-m\libc.a
LOAD C:/Freescale/CW MCU v10.6/MCU/ARM_GCC_Support/ewl/lib/armv6-m\libm.a
LOAD c:/freescale/cw mcu v10.6/cross_tools/arm-none-eabi-gcc-4_7_3/bin/../lib/gcc/arm-none-eabi/4.7.3/armv6-m\libgcc.a
LOAD C:/Freescale/CW MCU v10.6/MCU/ARM_GCC_Support/ewl/lib/armv6-m\librt.a
END GROUP
                0x20003000                _estack = 0x20003000
                0x20003000                __SP_INIT = _estack
                0x00000400                __heap_size = 0x400
                0x00000400                __stack_size = 0x400

.interrupts     0x00000000       0xc0
                0x00000000                __vector_table = .
                0x00000000                . = ALIGN (0x4)
 *(.vectortable)
 .vectortable   0x00000000       0xc0 ./Project_Settings/Startup_Code/kinetis_sysinit.o
                0x00000000                InterruptVector
                0x000000c0                . = ALIGN (0x4)

.cfmprotect     0x00000400        0x0
                0x00000400                . = ALIGN (0x4)
 *(.cfmconfig)
                0x00000400                . = ALIGN (0x4)

.text           0x00000800     0x1a14
                0x00000800                . = ALIGN (0x4)
 *(.text)
 .text          0x00000800       0x9c c:/freescale/cw mcu v10.6/cross_tools/arm-none-eabi-gcc-4_7_3/bin/../lib/gcc/arm-none-eabi/4.7.3/armv6-m\libgcc.a(_udivsi3.o)
                0x00000800                __aeabi_uidiv
                0x00000800                __udivsi3
                0x00000888                __aeabi_uidivmod
 .text          0x0000089c       0xc0 c:/freescale/cw mcu v10.6/cross_tools/arm-none-eabi-gcc-4_7_3/bin/../lib/gcc/arm-none-eabi/4.7.3/armv6-m\libgcc.a(_divsi3.o)
                0x0000089c                __divsi3
                0x0000089c                __aeabi_idiv
                0x00000948                __aeabi_idivmod
 .text          0x0000095c        0x4 c:/freescale/cw mcu v10.6/cross_tools/arm-none-eabi-gcc-4_7_3/bin/../lib/gcc/arm-none-eabi/4.7.3/armv6-m\libgcc.a(_dvmd_tls.o)
                0x0000095c                __aeabi_idiv0
                0x0000095c                __aeabi_ldiv0
 .text          0x00000960      0x260 c:/freescale/cw mcu v10.6/cross_tools/arm-none-eabi-gcc-4_7_3/bin/../lib/gcc/arm-none-eabi/4.7.3/armv6-m\libgcc.a(mulsf3.o)
                0x00000960                __aeabi_fmul
 .text          0x00000bc0       0x40 c:/freescale/cw mcu v10.6/cross_tools/arm-none-eabi-gcc-4_7_3/bin/../lib/gcc/arm-none-eabi/4.7.3/armv6-m\libgcc.a(fixsfsi.o)
                0x00000bc0                __aeabi_f2iz
 .text          0x00000c00       0xa8 c:/freescale/cw mcu v10.6/cross_tools/arm-none-eabi-gcc-4_7_3/bin/../lib/gcc/arm-none-eabi/4.7.3/armv6-m\libgcc.a(floatsisf.o)
                0x00000c00                __aeabi_i2f
 .text          0x00000ca8       0x3c c:/freescale/cw mcu v10.6/cross_tools/arm-none-eabi-gcc-4_7_3/bin/../lib/gcc/arm-none-eabi/4.7.3/armv6-m\libgcc.a(_clzsi2.o)
                0x00000ca8                __clzsi2
 *(.text*)
 .text.Default_Handler
                0x00000ce4        0xc ./Project_Settings/Startup_Code/kinetis_sysinit.o
                0x00000ce4                RTC_Alarm_IRQHandler
                0x00000ce4                I2C0_IRQHandler
                0x00000ce4                HardFault_Handler
                0x00000ce4                SysTick_Handler
                0x00000ce4                PendSV_Handler
                0x00000ce4                NMI_Handler
                0x00000ce4                I2C1_IRQHandler
                0x00000ce4                UART1_IRQHandler
                0x00000ce4                DMA2_IRQHandler
                0x00000ce4                TSI0_IRQHandler
                0x00000ce4                UART0_IRQHandler
                0x00000ce4                ADC0_IRQHandler
                0x00000ce4                SPI1_IRQHandler
                0x00000ce4                PORTD_IRQHandler
                0x00000ce4                LPTimer_IRQHandler
                0x00000ce4                RTC_Seconds_IRQHandler
                0x00000ce4                MCG_IRQHandler
                0x00000ce4                UART2_IRQHandler
                0x00000ce4                Default_Handler
                0x00000ce4                LLW_IRQHandler
                0x00000ce4                PIT_IRQHandler
                0x00000ce4                SVC_Handler
                0x00000ce4                USBOTG_IRQHandler
                0x00000ce4                DMA3_IRQHandler
                0x00000ce4                DMA0_IRQHandler
                0x00000ce4                DAC0_IRQHandler
                0x00000ce4                PMC_IRQHandler
                0x00000ce4                SPI0_IRQHandler
                0x00000ce4                PORTA_IRQHandler
                0x00000ce4                MCM_IRQHandler
                0x00000ce4                FTFL_IRQHandler
                0x00000ce4                CMP0_IRQHandler
                0x00000ce4                DMA1_IRQHandler
 .text.__init_hardware
                0x00000cf0       0x2c ./Project_Settings/Startup_Code/kinetis_sysinit.o
                0x00000cf0                __init_hardware
 .text.zero_fill_bss
                0x00000d1c       0x24 ./Project_Settings/Startup_Code/__arm_start.o
 .text.__thumb_startup
                0x00000d40       0x30 ./Project_Settings/Startup_Code/__arm_start.o
                0x00000d40                __thumb_startup
 .text._ExitProcess
                0x00000d70        0xc ./Project_Settings/Startup_Code/__arm_end.o
                0x00000d70                _ExitProcess
 .text.put      0x00000d7c       0x28 ./Sources/Common/libs.o
                0x00000d7c                put
 .text.int_to_ascii
                0x00000da4       0x60 ./Sources/Common/libs.o
                0x00000da4                int_to_ascii
 .text.out_char
                0x00000e04       0x24 ./Sources/Common/io.o
                0x00000e04                out_char
 .text.rgb_init
                0x00000e28       0x94 ./Sources/Drivers/gpio/gpio.o
                0x00000e28                rgb_init
 .text.time_delay_ms
                0x00000ebc       0x64 ./Sources/Drivers/lptmr/lptmr.o
                0x00000ebc                time_delay_ms
 .text.pll_init
                0x00000f20      0x548 ./Sources/Drivers/mcg/mcg.o
                0x00000f20                pll_init
 .text.TPM_init_IC
                0x00001468       0xec ./Sources/Drivers/tpm/tpm.o
                0x00001468                TPM_init_IC
 .text.TPM_CLK_MODE
                0x00001554       0x34 ./Sources/Drivers/tpm/tpm.o
                0x00001554                TPM_CLK_MODE
 .text.TPM_clear_counter
                0x00001588       0x14 ./Sources/Drivers/tpm/tpm.o
                0x00001588                TPM_clear_counter
 .text.TPM_CH_init
                0x0000159c       0x24 ./Sources/Drivers/tpm/tpm.o
                0x0000159c                TPM_CH_init
 .text.TPM_init_PWM
                0x000015c0       0xbc ./Sources/Drivers/tpm/tpm.o
                0x000015c0                TPM_init_PWM
 .text.set_TPM_CnV
                0x0000167c       0x20 ./Sources/Drivers/tpm/tpm.o
                0x0000167c                set_TPM_CnV
 .text.uart0_init
                0x0000169c      0x230 ./Sources/Drivers/uart/uart.o
                0x0000169c                uart0_init
 .text.uart0_putchar
                0x000018cc       0x2c ./Sources/Drivers/uart/uart.o
                0x000018cc                uart0_putchar
 .text.hc_sr04_init
                0x000018f8       0x88 ./Sources/HC-SR04/hc-sr04.o
                0x000018f8                hc_sr04_init
 .text.hc_sr04_read
                0x00001980       0xb0 ./Sources/HC-SR04/hc-sr04.o
                0x00001980                hc_sr04_read
 .text.hc_sr04_trigger
                0x00001a30       0x3c ./Sources/HC-SR04/hc-sr04.o
                0x00001a30                hc_sr04_trigger
 .text.TPM0_IRQHandler
                0x00001a6c       0x88 ./Sources/HC-SR04/hc-sr04.o
                0x00001a6c                TPM0_IRQHandler
 .text.TPM1_IRQHandler
                0x00001af4       0x24 ./Sources/HC-SR04/hc-sr04.o
                0x00001af4                TPM1_IRQHandler
 .text.TPM2_IRQHandler
                0x00001b18       0x24 ./Sources/HC-SR04/hc-sr04.o
                0x00001b18                TPM2_IRQHandler
 .text.sysinit  0x00001b3c      0x130 ./Sources/cpu/sysinit.o
                0x00001b3c                sysinit
 .text.enable_irq
                0x00001c6c       0x64 ./Sources/cpu/nvic.o
                0x00001c6c                enable_irq
 .text.set_irq_priority
                0x00001cd0       0xb0 ./Sources/cpu/nvic.o
                0x00001cd0                set_irq_priority
 .text.main     0x00001d80      0x204 ./Sources/main.o
                0x00001d80                main
 .text.exit     0x00001f84       0x38 C:/Freescale/CW MCU v10.6/MCU/ARM_GCC_Support/ewl/lib/armv6-m\libc.a(exit.o)
                0x00001f84                exit
 .text.memset   0x00001fbc        0xc C:/Freescale/CW MCU v10.6/MCU/ARM_GCC_Support/ewl/lib/armv6-m\libc.a(memset.o)
                0x00001fbc                memset
 .text.__fill_mem
                0x00001fc8       0x7e C:/Freescale/CW MCU v10.6/MCU/ARM_GCC_Support/ewl/lib/armv6-m\libc.a(__filll_mem.o)
                0x00001fc8                __fill_mem
 *fill*         0x00002046        0x2 00
 .text.__init_cpp
                0x00002048       0x48 C:/Freescale/CW MCU v10.6/MCU/ARM_GCC_Support/ewl/lib/armv6-m\librt.a(gcc_ctor_dtor.o)
                0x00002048                __init_cpp
 .text.__fini_cpp
                0x00002090       0x34 C:/Freescale/CW MCU v10.6/MCU/ARM_GCC_Support/ewl/lib/armv6-m\librt.a(gcc_ctor_dtor.o)
                0x00002090                __fini_cpp
 .text.__copy_rom_section
                0x000020c4       0x48 C:/Freescale/CW MCU v10.6/MCU/ARM_GCC_Support/ewl/lib/armv6-m\librt.a(ROMCopy.o)
                0x000020c4                __copy_rom_section
 .text.__copy_rom_sections_to_ram
                0x0000210c       0x34 C:/Freescale/CW MCU v10.6/MCU/ARM_GCC_Support/ewl/lib/armv6-m\librt.a(ROMCopy.o)
                0x0000210c                __copy_rom_sections_to_ram
 .text.__destroy_global_chain
                0x00002140       0x1c C:/Freescale/CW MCU v10.6/MCU/ARM_GCC_Support/ewl/lib/armv6-m\librt.a(__arm_eabi_init.o)
                0x00002140                __destroy_global_chain
 .text.__init_registers
                0x0000215c       0x1c C:/Freescale/CW MCU v10.6/MCU/ARM_GCC_Support/ewl/lib/armv6-m\librt.a(__arm_eabi_init.o)
                0x0000215c                __init_registers
 .text.__init_user
                0x00002178        0x4 C:/Freescale/CW MCU v10.6/MCU/ARM_GCC_Support/ewl/lib/armv6-m\librt.a(__arm_eabi_init.o)
                0x00002178                __init_user
 *(.rodata)
 .rodata        0x0000217c       0x58 ./Sources/main.o
 .rodata        0x000021d4       0x40 c:/freescale/cw mcu v10.6/cross_tools/arm-none-eabi-gcc-4_7_3/bin/../lib/gcc/arm-none-eabi/4.7.3/armv6-m\libgcc.a(mulsf3.o)
 *(.rodata*)
 *(.glue_7)
 .glue_7        0x00000000        0x0 linker stubs
 *(.glue_7t)
 .glue_7t       0x00000000        0x0 linker stubs
 *(.eh_frame)
 *(.init)
 *(.fini)
                0x00002214                . = ALIGN (0x4)
                0x00002214                _etext = .

.vfp11_veneer   0x00002214        0x0
 .vfp11_veneer  0x00000000        0x0 linker stubs

.v4_bx          0x00002214        0x0
 .v4_bx         0x00000000        0x0 linker stubs

.iplt           0x00002214        0x0
 .iplt          0x00000000        0x0 ./Project_Settings/Startup_Code/kinetis_sysinit.o

.rel.dyn        0x00002214        0x0
 .rel.iplt      0x00000000        0x0 ./Project_Settings/Startup_Code/kinetis_sysinit.o

.ARM.extab
 *(.ARM.extab* .gnu.linkonce.armextab.*)

.ARM            0x00002214        0x0
                0x00002214                __exidx_start = .
 *(.ARM.exidx*)
                0x00002214                __exidx_end = .

.ctors          0x00002214        0x0
                0x00002214                __CTOR_LIST__ = .
 *crtbegin.o(.ctors)
 *(EXCLUDE_FILE(*crtend.o) .ctors)
 *(SORT(.ctors.*))
 *(.ctors)
                0x00002214                __CTOR_END__ = .

.dtors          0x00002214        0x0
                0x00002214                __DTOR_LIST__ = .
 *crtbegin.o(.dtors)
 *(EXCLUDE_FILE(*crtend.o) .dtors)
 *(SORT(.dtors.*))
 *(.dtors)
                0x00002214                __DTOR_END__ = .

.preinit_array  0x00002214        0x0
                0x00002214                PROVIDE (__preinit_array_start, .)
 *(.preinit_array*)
                0x00002214                PROVIDE (__preinit_array_end, .)

.init_array     0x00002214        0x0
                0x00002214                PROVIDE (__init_array_start, .)
 *(SORT(.init_array.*))
 *(.init_array*)
                0x00002214                PROVIDE (__init_array_end, .)

.fini_array     0x00002214        0x0
                0x00002214                PROVIDE (__fini_array_start, .)
 *(SORT(.fini_array.*))
 *(.fini_array*)
                0x00002214                PROVIDE (__fini_array_end, .)
                0x00002214                ___ROM_AT = .

.mtb            0x1ffff000        0x0
                0x1ffff000                . = ALIGN (0x8)
                0x1ffff000                _mtb_start = .
 *(.mtb_buf)
                0x1ffff000                . = ALIGN (0x8)
                0x1ffff000                _mtb_end = .

.data           0x1ffff000        0x0 load address 0x00002214
                0x1ffff000                . = ALIGN (0x4)
                0x1ffff000                _sdata = .
 *(.data)
 *(.data*)
                0x1ffff000                . = ALIGN (0x4)
                0x1ffff000                _edata = .
                0x00000000                ___data_size = (_edata - _sdata)

.igot.plt       0x1ffff000        0x0
 .igot.plt      0x00000000        0x0 ./Project_Settings/Startup_Code/kinetis_sysinit.o
                0x1ffff000                . = ALIGN (0x4)

.bss            0x1ffff000       0x64
                0x1ffff000                __START_BSS = .
                0x1ffff000                PROVIDE (__bss_start__, __START_BSS)
 *(.bss)
 *(.bss*)
 .bss.argv      0x1ffff000        0x4 ./Project_Settings/Startup_Code/__arm_start.o
 .bss.str.4707  0x1ffff004        0xc ./Sources/Common/libs.o
 .bss.ready     0x1ffff010        0x1 ./Sources/HC-SR04/hc-sr04.o
                0x1ffff010                ready
 *fill*         0x1ffff011        0x3 00
 .bss.start     0x1ffff014        0x4 ./Sources/HC-SR04/hc-sr04.o
                0x1ffff014                start
 .bss.end       0x1ffff018        0x4 ./Sources/HC-SR04/hc-sr04.o
                0x1ffff018                end
 .bss.OvF       0x1ffff01c        0x4 ./Sources/HC-SR04/hc-sr04.o
                0x1ffff01c                OvF
 .bss.tpm_clk_hz
                0x1ffff020        0x4 ./Sources/HC-SR04/hc-sr04.o
                0x1ffff020                tpm_clk_hz
 .bss.read      0x1ffff024        0x4 ./Sources/main.o
                0x1ffff024                read
 .bss.cm        0x1ffff028        0x4 ./Sources/main.o
                0x1ffff028                cm
 .bss.mm        0x1ffff02c        0x4 ./Sources/main.o
                0x1ffff02c                mm
 .bss.__stdio_exit
                0x1ffff030        0x4 C:/Freescale/CW MCU v10.6/MCU/ARM_GCC_Support/ewl/lib/armv6-m\libc.a(exit.o)
                0x1ffff030                __stdio_exit
 .bss.__console_exit
                0x1ffff034        0x4 C:/Freescale/CW MCU v10.6/MCU/ARM_GCC_Support/ewl/lib/armv6-m\libc.a(exit.o)
                0x1ffff034                __console_exit
 .bss.__S_romp  0x1ffff038        0xc C:/Freescale/CW MCU v10.6/MCU/ARM_GCC_Support/ewl/lib/armv6-m\librt.a(ROMCopy.o)
 .bss.__global_destructor_chain
                0x1ffff044        0x4 C:/Freescale/CW MCU v10.6/MCU/ARM_GCC_Support/ewl/lib/armv6-m\librt.a(__arm_eabi_init.o)
                0x1ffff044                __global_destructor_chain
 *(COMMON)
 COMMON         0x1ffff048       0x1c ./Sources/cpu/sysinit.o
                0x1ffff048                mcg_clk_hz
                0x1ffff04c                core_clk_khz
                0x1ffff050                periph_clk_khz
                0x1ffff054                uart0_clk_khz
                0x1ffff058                uart0_clk_hz
                0x1ffff05c                mcg_clk_khz
                0x1ffff060                pll_clk_khz
                0x1ffff064                . = ALIGN (0x4)
                0x1ffff064                __END_BSS = .
                0x1ffff064                PROVIDE (__bss_end__, __END_BSS)
                0x00002214                _romp_at = (___ROM_AT + SIZEOF (.data))

.romp           0x1ffff064       0x18 load address 0x00002214
                0x00002214                __S_romp = _romp_at
                0x1ffff064        0x4 LONG 0x2214 ___ROM_AT
                0x1ffff068        0x4 LONG 0x1ffff000 _sdata
                0x1ffff06c        0x4 LONG 0x0 ___data_size
                0x1ffff070        0x4 LONG 0x0
                0x1ffff074        0x4 LONG 0x0
                0x1ffff078        0x4 LONG 0x0

._user_heap_stack
                0x1ffff07c      0x800 load address 0x0000222c
                0x1ffff07c                . = ALIGN (0x4)
                0x1ffff07c                PROVIDE (end, .)
                0x1ffff07c                PROVIDE (_end, .)
                0x1ffff07c                __heap_addr = .
                0x1ffff47c                . = (. + __heap_size)
 *fill*         0x1ffff07c      0x400 00
                0x1ffff87c                . = (. + __stack_size)
 *fill*         0x1ffff47c      0x400 00
                0x1ffff87c                . = ALIGN (0x4)

.ARM.attributes
                0x00000000       0x31
 *(.ARM.attributes)
 .ARM.attributes
                0x00000000       0x31 ./Project_Settings/Startup_Code/kinetis_sysinit.o
 .ARM.attributes
                0x00000031       0x31 ./Project_Settings/Startup_Code/__arm_start.o
 .ARM.attributes
                0x00000062       0x31 ./Project_Settings/Startup_Code/__arm_end.o
 .ARM.attributes
                0x00000093       0x31 ./Sources/Common/libs.o
 .ARM.attributes
                0x000000c4       0x31 ./Sources/Common/io.o
 .ARM.attributes
                0x000000f5       0x31 ./Sources/Drivers/gpio/gpio.o
 .ARM.attributes
                0x00000126       0x31 ./Sources/Drivers/lptmr/lptmr.o
 .ARM.attributes
                0x00000157       0x31 ./Sources/Drivers/mcg/mcg.o
 .ARM.attributes
                0x00000188       0x31 ./Sources/Drivers/tpm/tpm.o
 .ARM.attributes
                0x000001b9       0x31 ./Sources/Drivers/uart/uart.o
 .ARM.attributes
                0x000001ea       0x31 ./Sources/HC-SR04/hc-sr04.o
 .ARM.attributes
                0x0000021b       0x31 ./Sources/cpu/sysinit.o
 .ARM.attributes
                0x0000024c       0x31 ./Sources/cpu/nvic.o
 .ARM.attributes
                0x0000027d       0x31 ./Sources/main.o
 .ARM.attributes
                0x000002ae       0x31 C:/Freescale/CW MCU v10.6/MCU/ARM_GCC_Support/ewl/lib/armv6-m\libc.a(exit.o)
 .ARM.attributes
                0x000002df       0x31 C:/Freescale/CW MCU v10.6/MCU/ARM_GCC_Support/ewl/lib/armv6-m\libc.a(memset.o)
 .ARM.attributes
                0x00000310       0x31 C:/Freescale/CW MCU v10.6/MCU/ARM_GCC_Support/ewl/lib/armv6-m\libc.a(__filll_mem.o)
 .ARM.attributes
                0x00000341       0x1e c:/freescale/cw mcu v10.6/cross_tools/arm-none-eabi-gcc-4_7_3/bin/../lib/gcc/arm-none-eabi/4.7.3/armv6-m\libgcc.a(_udivsi3.o)
 .ARM.attributes
                0x0000035f       0x1e c:/freescale/cw mcu v10.6/cross_tools/arm-none-eabi-gcc-4_7_3/bin/../lib/gcc/arm-none-eabi/4.7.3/armv6-m\libgcc.a(_divsi3.o)
 .ARM.attributes
                0x0000037d       0x1e c:/freescale/cw mcu v10.6/cross_tools/arm-none-eabi-gcc-4_7_3/bin/../lib/gcc/arm-none-eabi/4.7.3/armv6-m\libgcc.a(_dvmd_tls.o)
 .ARM.attributes
                0x0000039b       0x2c c:/freescale/cw mcu v10.6/cross_tools/arm-none-eabi-gcc-4_7_3/bin/../lib/gcc/arm-none-eabi/4.7.3/armv6-m\libgcc.a(mulsf3.o)
 .ARM.attributes
                0x000003c7       0x2c c:/freescale/cw mcu v10.6/cross_tools/arm-none-eabi-gcc-4_7_3/bin/../lib/gcc/arm-none-eabi/4.7.3/armv6-m\libgcc.a(fixsfsi.o)
 .ARM.attributes
                0x000003f3       0x2c c:/freescale/cw mcu v10.6/cross_tools/arm-none-eabi-gcc-4_7_3/bin/../lib/gcc/arm-none-eabi/4.7.3/armv6-m\libgcc.a(floatsisf.o)
 .ARM.attributes
                0x0000041f       0x1e c:/freescale/cw mcu v10.6/cross_tools/arm-none-eabi-gcc-4_7_3/bin/../lib/gcc/arm-none-eabi/4.7.3/armv6-m\libgcc.a(_clzsi2.o)
 .ARM.attributes
                0x0000043d       0x31 C:/Freescale/CW MCU v10.6/MCU/ARM_GCC_Support/ewl/lib/armv6-m\librt.a(gcc_ctor_dtor.o)
 .ARM.attributes
                0x0000046e       0x31 C:/Freescale/CW MCU v10.6/MCU/ARM_GCC_Support/ewl/lib/armv6-m\librt.a(ROMCopy.o)
 .ARM.attributes
                0x0000049f       0x31 C:/Freescale/CW MCU v10.6/MCU/ARM_GCC_Support/ewl/lib/armv6-m\librt.a(__arm_eabi_init.o)
OUTPUT(FRDM-KL25Z-TPM-IC.elf elf32-littlearm)

.debug_info     0x00000000     0x3663
 .debug_info    0x00000000      0x447 ./Project_Settings/Startup_Code/kinetis_sysinit.o
 .debug_info    0x00000447      0x12a ./Project_Settings/Startup_Code/__arm_start.o
 .debug_info    0x00000571       0x54 ./Project_Settings/Startup_Code/__arm_end.o
 .debug_info    0x000005c5       0xf4 ./Sources/Common/libs.o
 .debug_info    0x000006b9      0x22a ./Sources/Common/io.o
 .debug_info    0x000008e3      0x3ca ./Sources/Drivers/gpio/gpio.o
 .debug_info    0x00000cad      0x396 ./Sources/Drivers/lptmr/lptmr.o
 .debug_info    0x00001043      0x289 ./Sources/Drivers/mcg/mcg.o
 .debug_info    0x000012cc      0x5c6 ./Sources/Drivers/tpm/tpm.o
 .debug_info    0x00001892      0x664 ./Sources/Drivers/uart/uart.o
 .debug_info    0x00001ef6      0x4c7 ./Sources/HC-SR04/hc-sr04.o
 .debug_info    0x000023bd      0x53d ./Sources/cpu/sysinit.o
 .debug_info    0x000028fa      0x226 ./Sources/cpu/nvic.o
 .debug_info    0x00002b20      0x2ae ./Sources/main.o
 .debug_info    0x00002dce       0xe8 C:/Freescale/CW MCU v10.6/MCU/ARM_GCC_Support/ewl/lib/armv6-m\libc.a(exit.o)
 .debug_info    0x00002eb6       0xec C:/Freescale/CW MCU v10.6/MCU/ARM_GCC_Support/ewl/lib/armv6-m\libc.a(memset.o)
 .debug_info    0x00002fa2      0x137 C:/Freescale/CW MCU v10.6/MCU/ARM_GCC_Support/ewl/lib/armv6-m\libc.a(__filll_mem.o)
 .debug_info    0x000030d9      0x136 C:/Freescale/CW MCU v10.6/MCU/ARM_GCC_Support/ewl/lib/armv6-m\librt.a(gcc_ctor_dtor.o)
 .debug_info    0x0000320f      0x19b C:/Freescale/CW MCU v10.6/MCU/ARM_GCC_Support/ewl/lib/armv6-m\librt.a(ROMCopy.o)
 .debug_info    0x000033aa      0x2b9 C:/Freescale/CW MCU v10.6/MCU/ARM_GCC_Support/ewl/lib/armv6-m\librt.a(__arm_eabi_init.o)

.debug_abbrev   0x00000000     0x1100
 .debug_abbrev  0x00000000       0xe7 ./Project_Settings/Startup_Code/kinetis_sysinit.o
 .debug_abbrev  0x000000e7       0x92 ./Project_Settings/Startup_Code/__arm_start.o
 .debug_abbrev  0x00000179       0x4c ./Project_Settings/Startup_Code/__arm_end.o
 .debug_abbrev  0x000001c5       0x9e ./Sources/Common/libs.o
 .debug_abbrev  0x00000263       0xab ./Sources/Common/io.o
 .debug_abbrev  0x0000030e       0xbe ./Sources/Drivers/gpio/gpio.o
 .debug_abbrev  0x000003cc       0xf5 ./Sources/Drivers/lptmr/lptmr.o
 .debug_abbrev  0x000004c1       0xe8 ./Sources/Drivers/mcg/mcg.o
 .debug_abbrev  0x000005a9      0x133 ./Sources/Drivers/tpm/tpm.o
 .debug_abbrev  0x000006dc      0x17a ./Sources/Drivers/uart/uart.o
 .debug_abbrev  0x00000856      0x139 ./Sources/HC-SR04/hc-sr04.o
 .debug_abbrev  0x0000098f       0xcf ./Sources/cpu/sysinit.o
 .debug_abbrev  0x00000a5e       0xed ./Sources/cpu/nvic.o
 .debug_abbrev  0x00000b4b       0xf5 ./Sources/main.o
 .debug_abbrev  0x00000c40       0x7a C:/Freescale/CW MCU v10.6/MCU/ARM_GCC_Support/ewl/lib/armv6-m\libc.a(exit.o)
 .debug_abbrev  0x00000cba       0x62 C:/Freescale/CW MCU v10.6/MCU/ARM_GCC_Support/ewl/lib/armv6-m\libc.a(memset.o)
 .debug_abbrev  0x00000d1c       0x78 C:/Freescale/CW MCU v10.6/MCU/ARM_GCC_Support/ewl/lib/armv6-m\libc.a(__filll_mem.o)
 .debug_abbrev  0x00000d94       0x99 C:/Freescale/CW MCU v10.6/MCU/ARM_GCC_Support/ewl/lib/armv6-m\librt.a(gcc_ctor_dtor.o)
 .debug_abbrev  0x00000e2d      0x120 C:/Freescale/CW MCU v10.6/MCU/ARM_GCC_Support/ewl/lib/armv6-m\librt.a(ROMCopy.o)
 .debug_abbrev  0x00000f4d      0x1b3 C:/Freescale/CW MCU v10.6/MCU/ARM_GCC_Support/ewl/lib/armv6-m\librt.a(__arm_eabi_init.o)

.debug_loc      0x00000000      0xd22
 .debug_loc     0x00000000       0x58 ./Project_Settings/Startup_Code/kinetis_sysinit.o
 .debug_loc     0x00000058       0x2c ./Project_Settings/Startup_Code/__arm_start.o
 .debug_loc     0x00000084       0x38 ./Project_Settings/Startup_Code/__arm_end.o
 .debug_loc     0x000000bc       0x70 ./Sources/Common/libs.o
 .debug_loc     0x0000012c       0x64 ./Sources/Common/io.o
 .debug_loc     0x00000190       0x2c ./Sources/Drivers/gpio/gpio.o
 .debug_loc     0x000001bc       0x9c ./Sources/Drivers/lptmr/lptmr.o
 .debug_loc     0x00000258       0x38 ./Sources/Drivers/mcg/mcg.o
 .debug_loc     0x00000290      0x188 ./Sources/Drivers/tpm/tpm.o
 .debug_loc     0x00000418      0x1c2 ./Sources/Drivers/uart/uart.o
 .debug_loc     0x000005da      0x12c ./Sources/HC-SR04/hc-sr04.o
 .debug_loc     0x00000706       0x38 ./Sources/cpu/sysinit.o
 .debug_loc     0x0000073e       0xa8 ./Sources/cpu/nvic.o
 .debug_loc     0x000007e6       0x38 ./Sources/main.o
 .debug_loc     0x0000081e       0x3e C:/Freescale/CW MCU v10.6/MCU/ARM_GCC_Support/ewl/lib/armv6-m\libc.a(exit.o)
 .debug_loc     0x0000085c       0x6f C:/Freescale/CW MCU v10.6/MCU/ARM_GCC_Support/ewl/lib/armv6-m\libc.a(memset.o)
 .debug_loc     0x000008cb      0x14a C:/Freescale/CW MCU v10.6/MCU/ARM_GCC_Support/ewl/lib/armv6-m\libc.a(__filll_mem.o)
 .debug_loc     0x00000a15       0x9d C:/Freescale/CW MCU v10.6/MCU/ARM_GCC_Support/ewl/lib/armv6-m\librt.a(gcc_ctor_dtor.o)
 .debug_loc     0x00000ab2       0xd9 C:/Freescale/CW MCU v10.6/MCU/ARM_GCC_Support/ewl/lib/armv6-m\librt.a(ROMCopy.o)
 .debug_loc     0x00000b8b      0x197 C:/Freescale/CW MCU v10.6/MCU/ARM_GCC_Support/ewl/lib/armv6-m\librt.a(__arm_eabi_init.o)

.debug_aranges  0x00000000      0x3a8
 .debug_aranges
                0x00000000       0x28 ./Project_Settings/Startup_Code/kinetis_sysinit.o
 .debug_aranges
                0x00000028       0x30 ./Project_Settings/Startup_Code/__arm_start.o
 .debug_aranges
                0x00000058       0x20 ./Project_Settings/Startup_Code/__arm_end.o
 .debug_aranges
                0x00000078       0x28 ./Sources/Common/libs.o
 .debug_aranges
                0x000000a0       0x28 ./Sources/Common/io.o
 .debug_aranges
                0x000000c8       0x20 ./Sources/Drivers/gpio/gpio.o
 .debug_aranges
                0x000000e8       0x30 ./Sources/Drivers/lptmr/lptmr.o
 .debug_aranges
                0x00000118       0x20 ./Sources/Drivers/mcg/mcg.o
 .debug_aranges
                0x00000138       0x50 ./Sources/Drivers/tpm/tpm.o
 .debug_aranges
                0x00000188       0x58 ./Sources/Drivers/uart/uart.o
 .debug_aranges
                0x000001e0       0x48 ./Sources/HC-SR04/hc-sr04.o
 .debug_aranges
                0x00000228       0x20 ./Sources/cpu/sysinit.o
 .debug_aranges
                0x00000248       0x30 ./Sources/cpu/nvic.o
 .debug_aranges
                0x00000278       0x20 ./Sources/main.o
 .debug_aranges
                0x00000298       0x20 C:/Freescale/CW MCU v10.6/MCU/ARM_GCC_Support/ewl/lib/armv6-m\libc.a(exit.o)
 .debug_aranges
                0x000002b8       0x20 C:/Freescale/CW MCU v10.6/MCU/ARM_GCC_Support/ewl/lib/armv6-m\libc.a(memset.o)
 .debug_aranges
                0x000002d8       0x20 C:/Freescale/CW MCU v10.6/MCU/ARM_GCC_Support/ewl/lib/armv6-m\libc.a(__filll_mem.o)
 .debug_aranges
                0x000002f8       0x28 C:/Freescale/CW MCU v10.6/MCU/ARM_GCC_Support/ewl/lib/armv6-m\librt.a(gcc_ctor_dtor.o)
 .debug_aranges
                0x00000320       0x30 C:/Freescale/CW MCU v10.6/MCU/ARM_GCC_Support/ewl/lib/armv6-m\librt.a(ROMCopy.o)
 .debug_aranges
                0x00000350       0x58 C:/Freescale/CW MCU v10.6/MCU/ARM_GCC_Support/ewl/lib/armv6-m\librt.a(__arm_eabi_init.o)

.debug_macinfo  0x00000000   0x1d6e12
 .debug_macinfo
                0x00000000    0x264b5 ./Project_Settings/Startup_Code/kinetis_sysinit.o
 .debug_macinfo
                0x000264b5     0x3e6d ./Project_Settings/Startup_Code/__arm_start.o
 .debug_macinfo
                0x0002a322     0x3456 ./Project_Settings/Startup_Code/__arm_end.o
 .debug_macinfo
                0x0002d778    0x26ca8 ./Sources/Common/libs.o
 .debug_macinfo
                0x00054420    0x26ca8 ./Sources/Common/io.o
 .debug_macinfo
                0x0007b0c8    0x26654 ./Sources/Drivers/gpio/gpio.o
 .debug_macinfo
                0x000a171c    0x26ca8 ./Sources/Drivers/lptmr/lptmr.o
 .debug_macinfo
                0x000c83c4    0x265c3 ./Sources/Drivers/mcg/mcg.o
 .debug_macinfo
                0x000ee987    0x26ca8 ./Sources/Drivers/tpm/tpm.o
 .debug_macinfo
                0x0011562f    0x26cac ./Sources/Drivers/uart/uart.o
 .debug_macinfo
                0x0013c2db    0x26ca8 ./Sources/HC-SR04/hc-sr04.o
 .debug_macinfo
                0x00162f83    0x26ca8 ./Sources/cpu/sysinit.o
 .debug_macinfo
                0x00189c2b    0x264f0 ./Sources/cpu/nvic.o
 .debug_macinfo
                0x001b011b    0x26cf7 ./Sources/main.o

.debug_line     0x00000000     0x3abd
 .debug_line    0x00000000      0x223 ./Project_Settings/Startup_Code/kinetis_sysinit.o
 .debug_line    0x00000223      0x2a6 ./Project_Settings/Startup_Code/__arm_start.o
 .debug_line    0x000004c9      0x266 ./Project_Settings/Startup_Code/__arm_end.o
 .debug_line    0x0000072f      0x4e2 ./Sources/Common/libs.o
 .debug_line    0x00000c11      0x4d6 ./Sources/Common/io.o
 .debug_line    0x000010e7      0x1fb ./Sources/Drivers/gpio/gpio.o
 .debug_line    0x000012e2      0x504 ./Sources/Drivers/lptmr/lptmr.o
 .debug_line    0x000017e6      0x28d ./Sources/Drivers/mcg/mcg.o
 .debug_line    0x00001a73      0x54d ./Sources/Drivers/tpm/tpm.o
 .debug_line    0x00001fc0      0x5ac ./Sources/Drivers/uart/uart.o
 .debug_line    0x0000256c      0x54b ./Sources/HC-SR04/hc-sr04.o
 .debug_line    0x00002ab7      0x4dc ./Sources/cpu/sysinit.o
 .debug_line    0x00002f93      0x21e ./Sources/cpu/nvic.o
 .debug_line    0x000031b1      0x4b9 ./Sources/main.o
 .debug_line    0x0000366a       0x8d C:/Freescale/CW MCU v10.6/MCU/ARM_GCC_Support/ewl/lib/armv6-m\libc.a(exit.o)
 .debug_line    0x000036f7       0x90 C:/Freescale/CW MCU v10.6/MCU/ARM_GCC_Support/ewl/lib/armv6-m\libc.a(memset.o)
 .debug_line    0x00003787       0xf6 C:/Freescale/CW MCU v10.6/MCU/ARM_GCC_Support/ewl/lib/armv6-m\libc.a(__filll_mem.o)
 .debug_line    0x0000387d       0x6c C:/Freescale/CW MCU v10.6/MCU/ARM_GCC_Support/ewl/lib/armv6-m\librt.a(gcc_ctor_dtor.o)
 .debug_line    0x000038e9       0xbd C:/Freescale/CW MCU v10.6/MCU/ARM_GCC_Support/ewl/lib/armv6-m\librt.a(ROMCopy.o)
 .debug_line    0x000039a6      0x117 C:/Freescale/CW MCU v10.6/MCU/ARM_GCC_Support/ewl/lib/armv6-m\librt.a(__arm_eabi_init.o)

.debug_str      0x00000000      0xf09
 .debug_str     0x00000000      0x2a4 ./Project_Settings/Startup_Code/kinetis_sysinit.o
                                0x2cb (size before relaxing)
 .debug_str     0x000002a4       0x85 ./Project_Settings/Startup_Code/__arm_start.o
                                0x1a5 (size before relaxing)
 .debug_str     0x00000329       0x41 ./Project_Settings/Startup_Code/__arm_end.o
                                 0xdc (size before relaxing)
 .debug_str     0x0000036a       0x2e ./Sources/Common/libs.o
                                0x141 (size before relaxing)
 .debug_str     0x00000398       0x60 ./Sources/Common/io.o
                                0x17b (size before relaxing)
 .debug_str     0x000003f8       0x8d ./Sources/Drivers/gpio/gpio.o
                                0x292 (size before relaxing)
 .debug_str     0x00000485       0x7d ./Sources/Drivers/lptmr/lptmr.o
                                0x29a (size before relaxing)
 .debug_str     0x00000502       0xcc ./Sources/Drivers/mcg/mcg.o
                                0x1fd (size before relaxing)
 .debug_str     0x000005ce       0xf5 ./Sources/Drivers/tpm/tpm.o
                                0x311 (size before relaxing)
 .debug_str     0x000006c3       0xf2 ./Sources/Drivers/uart/uart.o
                                0x346 (size before relaxing)
 .debug_str     0x000007b5      0x2c6 ./Sources/HC-SR04/hc-sr04.o
                                0x4a4 (size before relaxing)
 .debug_str     0x00000a7b       0x70 ./Sources/cpu/sysinit.o
                                0x2e4 (size before relaxing)
 .debug_str     0x00000aeb       0x7b ./Sources/cpu/nvic.o
                                0x1c6 (size before relaxing)
 .debug_str     0x00000b66       0x35 ./Sources/main.o
                                0x1ee (size before relaxing)
 .debug_str     0x00000b9b       0x5a C:/Freescale/CW MCU v10.6/MCU/ARM_GCC_Support/ewl/lib/armv6-m\libc.a(exit.o)
                                0x157 (size before relaxing)
 .debug_str     0x00000bf5       0x23 C:/Freescale/CW MCU v10.6/MCU/ARM_GCC_Support/ewl/lib/armv6-m\libc.a(memset.o)
                                0x140 (size before relaxing)
 .debug_str     0x00000c18       0x2d C:/Freescale/CW MCU v10.6/MCU/ARM_GCC_Support/ewl/lib/armv6-m\libc.a(__filll_mem.o)
                                0x152 (size before relaxing)
 .debug_str     0x00000c45      0x126 C:/Freescale/CW MCU v10.6/MCU/ARM_GCC_Support/ewl/lib/armv6-m\librt.a(gcc_ctor_dtor.o)
                                0x181 (size before relaxing)
 .debug_str     0x00000d6b       0xa6 C:/Freescale/CW MCU v10.6/MCU/ARM_GCC_Support/ewl/lib/armv6-m\librt.a(ROMCopy.o)
                                0x13c (size before relaxing)
 .debug_str     0x00000e11       0xf8 C:/Freescale/CW MCU v10.6/MCU/ARM_GCC_Support/ewl/lib/armv6-m\librt.a(__arm_eabi_init.o)
                                0x1b5 (size before relaxing)

.comment        0x00000000       0x79
 .comment       0x00000000       0x79 ./Project_Settings/Startup_Code/kinetis_sysinit.o
                                 0x7a (size before relaxing)
 .comment       0x00000000       0x7a ./Project_Settings/Startup_Code/__arm_start.o
 .comment       0x00000000       0x7a ./Project_Settings/Startup_Code/__arm_end.o
 .comment       0x00000000       0x7a ./Sources/Common/libs.o
 .comment       0x00000000       0x7a ./Sources/Common/io.o
 .comment       0x00000000       0x7a ./Sources/Drivers/gpio/gpio.o
 .comment       0x00000000       0x7a ./Sources/Drivers/lptmr/lptmr.o
 .comment       0x00000000       0x7a ./Sources/Drivers/mcg/mcg.o
 .comment       0x00000000       0x7a ./Sources/Drivers/tpm/tpm.o
 .comment       0x00000000       0x7a ./Sources/Drivers/uart/uart.o
 .comment       0x00000000       0x7a ./Sources/HC-SR04/hc-sr04.o
 .comment       0x00000000       0x7a ./Sources/cpu/sysinit.o
 .comment       0x00000000       0x7a ./Sources/cpu/nvic.o
 .comment       0x00000000       0x7a ./Sources/main.o
 .comment       0x00000000       0x7a C:/Freescale/CW MCU v10.6/MCU/ARM_GCC_Support/ewl/lib/armv6-m\libc.a(exit.o)
 .comment       0x00000000       0x7a C:/Freescale/CW MCU v10.6/MCU/ARM_GCC_Support/ewl/lib/armv6-m\libc.a(memset.o)
 .comment       0x00000000       0x7a C:/Freescale/CW MCU v10.6/MCU/ARM_GCC_Support/ewl/lib/armv6-m\libc.a(__filll_mem.o)
 .comment       0x00000000       0x7a C:/Freescale/CW MCU v10.6/MCU/ARM_GCC_Support/ewl/lib/armv6-m\librt.a(gcc_ctor_dtor.o)
 .comment       0x00000000       0x7a C:/Freescale/CW MCU v10.6/MCU/ARM_GCC_Support/ewl/lib/armv6-m\librt.a(ROMCopy.o)
 .comment       0x00000000       0x7a C:/Freescale/CW MCU v10.6/MCU/ARM_GCC_Support/ewl/lib/armv6-m\librt.a(__arm_eabi_init.o)

.debug_frame    0x00000000      0x85c
 .debug_frame   0x00000000       0x48 ./Project_Settings/Startup_Code/kinetis_sysinit.o
 .debug_frame   0x00000048       0x4c ./Project_Settings/Startup_Code/__arm_start.o
 .debug_frame   0x00000094       0x30 ./Project_Settings/Startup_Code/__arm_end.o
 .debug_frame   0x000000c4       0x50 ./Sources/Common/libs.o
 .debug_frame   0x00000114       0x4c ./Sources/Common/io.o
 .debug_frame   0x00000160       0x2c ./Sources/Drivers/gpio/gpio.o
 .debug_frame   0x0000018c       0x6c ./Sources/Drivers/lptmr/lptmr.o
 .debug_frame   0x000001f8       0x30 ./Sources/Drivers/mcg/mcg.o
 .debug_frame   0x00000228       0xf0 ./Sources/Drivers/tpm/tpm.o
 .debug_frame   0x00000318      0x110 ./Sources/Drivers/uart/uart.o
 .debug_frame   0x00000428       0xc4 ./Sources/HC-SR04/hc-sr04.o
 .debug_frame   0x000004ec       0x30 ./Sources/cpu/sysinit.o
 .debug_frame   0x0000051c       0x70 ./Sources/cpu/nvic.o
 .debug_frame   0x0000058c       0x30 ./Sources/main.o
 .debug_frame   0x000005bc       0x2c C:/Freescale/CW MCU v10.6/MCU/ARM_GCC_Support/ewl/lib/armv6-m\libc.a(exit.o)
 .debug_frame   0x000005e8       0x28 C:/Freescale/CW MCU v10.6/MCU/ARM_GCC_Support/ewl/lib/armv6-m\libc.a(memset.o)
 .debug_frame   0x00000610       0x2c C:/Freescale/CW MCU v10.6/MCU/ARM_GCC_Support/ewl/lib/armv6-m\libc.a(__filll_mem.o)
 .debug_frame   0x0000063c       0x20 c:/freescale/cw mcu v10.6/cross_tools/arm-none-eabi-gcc-4_7_3/bin/../lib/gcc/arm-none-eabi/4.7.3/armv6-m\libgcc.a(_udivsi3.o)
 .debug_frame   0x0000065c       0x20 c:/freescale/cw mcu v10.6/cross_tools/arm-none-eabi-gcc-4_7_3/bin/../lib/gcc/arm-none-eabi/4.7.3/armv6-m\libgcc.a(_divsi3.o)
 .debug_frame   0x0000067c       0x3c c:/freescale/cw mcu v10.6/cross_tools/arm-none-eabi-gcc-4_7_3/bin/../lib/gcc/arm-none-eabi/4.7.3/armv6-m\libgcc.a(mulsf3.o)
 .debug_frame   0x000006b8       0x28 c:/freescale/cw mcu v10.6/cross_tools/arm-none-eabi-gcc-4_7_3/bin/../lib/gcc/arm-none-eabi/4.7.3/armv6-m\libgcc.a(fixsfsi.o)
 .debug_frame   0x000006e0       0x2c c:/freescale/cw mcu v10.6/cross_tools/arm-none-eabi-gcc-4_7_3/bin/../lib/gcc/arm-none-eabi/4.7.3/armv6-m\libgcc.a(floatsisf.o)
 .debug_frame   0x0000070c       0x40 C:/Freescale/CW MCU v10.6/MCU/ARM_GCC_Support/ewl/lib/armv6-m\librt.a(gcc_ctor_dtor.o)
 .debug_frame   0x0000074c       0x54 C:/Freescale/CW MCU v10.6/MCU/ARM_GCC_Support/ewl/lib/armv6-m\librt.a(ROMCopy.o)
 .debug_frame   0x000007a0       0xbc C:/Freescale/CW MCU v10.6/MCU/ARM_GCC_Support/ewl/lib/armv6-m\librt.a(__arm_eabi_init.o)
